This is pdfTeX, Version 3.141592653-2.6-1.40.25 (TeX Live 2023/Debian) (preloaded format=pdflatex 2024.11.18)  24 FEB 2026 19:01
entering extended mode
 restricted \write18 enabled.
 file:line:error style messages enabled.
 %&-line parsing enabled.
**/mnt/e/workArea/PHYWork/HVP3PI/memo_hvp3pi/memo_hvp3pi.tex
(/mnt/e/workArea/PHYWork/HVP3PI/memo_hvp3pi/memo_hvp3pi.tex
LaTeX2e <2023-11-01> patch level 1
L3 programming layer <2024-01-22>
(./besnote.cls
Document Class: besnote 2011/12/25 version 3.0 BESIII Memo
\AN@skipbeforetitle=\dimen140
(/usr/share/texlive/texmf-dist/tex/latex/base/article.cls
Document Class: article 2023/05/17 v1.4n Standard LaTeX document class
(/usr/share/texlive/texmf-dist/tex/latex/base/size11.clo
File: size11.clo 2023/05/17 v1.4n Standard LaTeX file (size option)
)
\c@part=\count187
\c@section=\count188
\c@subsection=\count189
\c@subsubsection=\count190
\c@paragraph=\count191
\c@subparagraph=\count192
\c@figure=\count193
\c@table=\count194
\abovecaptionskip=\skip48
\belowcaptionskip=\skip49
\bibindent=\dimen141
) (/usr/share/texlive/texmf-dist/tex/latex/geometry/geometry.sty
Package: geometry 2020/01/02 v5.9 Page Geometry
 (/usr/share/texlive/texmf-dist/tex/latex/graphics/keyval.sty
Package: keyval 2022/05/29 v1.15 key=value parser (DPC)
\KV@toks@=\toks17
) (/usr/share/texlive/texmf-dist/tex/generic/iftex/ifvtex.sty
Package: ifvtex 2019/10/25 v1.7 ifvtex legacy package. Use iftex instead.
 (/usr/share/texlive/texmf-dist/tex/generic/iftex/iftex.sty
Package: iftex 2022/02/03 v1.0f TeX engine tests
))
\Gm@cnth=\count195
\Gm@cntv=\count196
\c@Gm@tempcnt=\count197
\Gm@bindingoffset=\dimen142
\Gm@wd@mp=\dimen143
\Gm@odd@mp=\dimen144
\Gm@even@mp=\dimen145
\Gm@layoutwidth=\dimen146
\Gm@layoutheight=\dimen147
\Gm@layouthoffset=\dimen148
\Gm@layoutvoffset=\dimen149
\Gm@dimlist=\toks18
) (/usr/share/texlive/texmf-dist/tex/latex/graphics/graphicx.sty
Package: graphicx 2021/09/16 v1.2d Enhanced LaTeX Graphics (DPC,SPQR)
 (/usr/share/texlive/texmf-dist/tex/latex/graphics/graphics.sty
Package: graphics 2022/03/10 v1.4e Standard LaTeX Graphics (DPC,SPQR)
 (/usr/share/texlive/texmf-dist/tex/latex/graphics/trig.sty
Package: trig 2021/08/11 v1.11 sin cos tan (DPC)
) (/usr/share/texlive/texmf-dist/tex/latex/graphics-cfg/graphics.cfg
File: graphics.cfg 2016/06/04 v1.11 sample graphics configuration
)
Package graphics Info: Driver file: pdftex.def on input line 107.
 (/usr/share/texlive/texmf-dist/tex/latex/graphics-def/pdftex.def
File: pdftex.def 2022/09/22 v1.2b Graphics/color driver for pdftex
))
\Gin@req@height=\dimen150
\Gin@req@width=\dimen151
) (/usr/share/texlive/texmf-dist/tex/latex/amsmath/amsmath.sty
Package: amsmath 2023/05/13 v2.17o AMS math features
\@mathmargin=\skip50

For additional information on amsmath, use the `?' option.
(/usr/share/texlive/texmf-dist/tex/latex/amsmath/amstext.sty
Package: amstext 2021/08/26 v2.01 AMS text
 (/usr/share/texlive/texmf-dist/tex/latex/amsmath/amsgen.sty
File: amsgen.sty 1999/11/30 v2.0 generic functions
\@emptytoks=\toks19
\ex@=\dimen152
)) (/usr/share/texlive/texmf-dist/tex/latex/amsmath/amsbsy.sty
Package: amsbsy 1999/11/29 v1.2d Bold Symbols
\pmbraise@=\dimen153
) (/usr/share/texlive/texmf-dist/tex/latex/amsmath/amsopn.sty
Package: amsopn 2022/04/08 v2.04 operator names
)
\inf@bad=\count198
LaTeX Info: Redefining \frac on input line 234.
\uproot@=\count199
\leftroot@=\count266
LaTeX Info: Redefining \overline on input line 399.
LaTeX Info: Redefining \colon on input line 410.
\classnum@=\count267
\DOTSCASE@=\count268
LaTeX Info: Redefining \ldots on input line 496.
LaTeX Info: Redefining \dots on input line 499.
LaTeX Info: Redefining \cdots on input line 620.
\Mathstrutbox@=\box51
\strutbox@=\box52
LaTeX Info: Redefining \big on input line 722.
LaTeX Info: Redefining \Big on input line 723.
LaTeX Info: Redefining \bigg on input line 724.
LaTeX Info: Redefining \Bigg on input line 725.
\big@size=\dimen154
LaTeX Font Info:    Redeclaring font encoding OML on input line 743.
LaTeX Font Info:    Redeclaring font encoding OMS on input line 744.
\macc@depth=\count269
LaTeX Info: Redefining \bmod on input line 905.
LaTeX Info: Redefining \pmod on input line 910.
LaTeX Info: Redefining \smash on input line 940.
LaTeX Info: Redefining \relbar on input line 970.
LaTeX Info: Redefining \Relbar on input line 971.
\c@MaxMatrixCols=\count270
\dotsspace@=\muskip16
\c@parentequation=\count271
\dspbrk@lvl=\count272
\tag@help=\toks20
\row@=\count273
\column@=\count274
\maxfields@=\count275
\andhelp@=\toks21
\eqnshift@=\dimen155
\alignsep@=\dimen156
\tagshift@=\dimen157
\tagwidth@=\dimen158
\totwidth@=\dimen159
\lineht@=\dimen160
\@envbody=\toks22
\multlinegap=\skip51
\multlinetaggap=\skip52
\mathdisplay@stack=\toks23
LaTeX Info: Redefining \[ on input line 2953.
LaTeX Info: Redefining \] on input line 2954.
) (/usr/share/texlive/texmf-dist/tex/latex/txfonts/txfonts.sty
Package: txfonts 2008/01/22 v3.2.1
LaTeX Font Info:    Redeclaring symbol font `operators' on input line 21.
LaTeX Font Info:    Overwriting symbol font `operators' in version `normal'
(Font)                  OT1/cmr/m/n --> OT1/txr/m/n on input line 21.
LaTeX Font Info:    Overwriting symbol font `operators' in version `bold'
(Font)                  OT1/cmr/bx/n --> OT1/txr/m/n on input line 21.
LaTeX Font Info:    Overwriting symbol font `operators' in version `bold'
(Font)                  OT1/txr/m/n --> OT1/txr/bx/n on input line 22.
\symitalic=\mathgroup4
LaTeX Font Info:    Overwriting symbol font `italic' in version `bold'
(Font)                  OT1/txr/m/it --> OT1/txr/bx/it on input line 26.
LaTeX Font Info:    Redeclaring math alphabet \mathbf on input line 29.
LaTeX Font Info:    Overwriting math alphabet `\mathbf' in version `normal'
(Font)                  OT1/cmr/bx/n --> OT1/txr/bx/n on input line 29.
LaTeX Font Info:    Overwriting math alphabet `\mathbf' in version `bold'
(Font)                  OT1/cmr/bx/n --> OT1/txr/bx/n on input line 29.
LaTeX Font Info:    Redeclaring math alphabet \mathit on input line 30.
LaTeX Font Info:    Overwriting math alphabet `\mathit' in version `normal'
(Font)                  OT1/cmr/m/it --> OT1/txr/m/it on input line 30.
LaTeX Font Info:    Overwriting math alphabet `\mathit' in version `bold'
(Font)                  OT1/cmr/bx/it --> OT1/txr/m/it on input line 30.
LaTeX Font Info:    Overwriting math alphabet `\mathit' in version `bold'
(Font)                  OT1/txr/m/it --> OT1/txr/bx/it on input line 31.
LaTeX Font Info:    Redeclaring math alphabet \mathsf on input line 40.
LaTeX Font Info:    Overwriting math alphabet `\mathsf' in version `normal'
(Font)                  OT1/cmss/m/n --> OT1/txss/m/n on input line 40.
LaTeX Font Info:    Overwriting math alphabet `\mathsf' in version `bold'
(Font)                  OT1/cmss/bx/n --> OT1/txss/m/n on input line 40.
LaTeX Font Info:    Overwriting math alphabet `\mathsf' in version `bold'
(Font)                  OT1/txss/m/n --> OT1/txss/b/n on input line 41.
LaTeX Font Info:    Redeclaring math alphabet \mathtt on input line 50.
LaTeX Font Info:    Overwriting math alphabet `\mathtt' in version `normal'
(Font)                  OT1/cmtt/m/n --> OT1/txtt/m/n on input line 50.
LaTeX Font Info:    Overwriting math alphabet `\mathtt' in version `bold'
(Font)                  OT1/cmtt/m/n --> OT1/txtt/m/n on input line 50.
LaTeX Font Info:    Overwriting math alphabet `\mathtt' in version `bold'
(Font)                  OT1/txtt/m/n --> OT1/txtt/b/n on input line 51.
LaTeX Font Info:    Redeclaring symbol font `letters' on input line 58.
LaTeX Font Info:    Overwriting symbol font `letters' in version `normal'
(Font)                  OML/cmm/m/it --> OML/txmi/m/it on input line 58.
LaTeX Font Info:    Overwriting symbol font `letters' in version `bold'
(Font)                  OML/cmm/b/it --> OML/txmi/m/it on input line 58.
LaTeX Font Info:    Overwriting symbol font `letters' in version `bold'
(Font)                  OML/txmi/m/it --> OML/txmi/bx/it on input line 59.
\symlettersA=\mathgroup5
LaTeX Font Info:    Overwriting symbol font `lettersA' in version `bold'
(Font)                  U/txmia/m/it --> U/txmia/bx/it on input line 67.
LaTeX Font Info:    Redeclaring symbol font `symbols' on input line 77.
LaTeX Font Info:    Overwriting symbol font `symbols' in version `normal'
(Font)                  OMS/cmsy/m/n --> OMS/txsy/m/n on input line 77.
LaTeX Font Info:    Overwriting symbol font `symbols' in version `bold'
(Font)                  OMS/cmsy/b/n --> OMS/txsy/m/n on input line 77.
LaTeX Font Info:    Overwriting symbol font `symbols' in version `bold'
(Font)                  OMS/txsy/m/n --> OMS/txsy/bx/n on input line 78.
\symAMSa=\mathgroup6
LaTeX Font Info:    Overwriting symbol font `AMSa' in version `bold'
(Font)                  U/txsya/m/n --> U/txsya/bx/n on input line 94.
\symAMSb=\mathgroup7
LaTeX Font Info:    Overwriting symbol font `AMSb' in version `bold'
(Font)                  U/txsyb/m/n --> U/txsyb/bx/n on input line 103.
\symsymbolsC=\mathgroup8
LaTeX Font Info:    Overwriting symbol font `symbolsC' in version `bold'
(Font)                  U/txsyc/m/n --> U/txsyc/bx/n on input line 113.
LaTeX Font Info:    Redeclaring symbol font `largesymbols' on input line 120.
LaTeX Font Info:    Overwriting symbol font `largesymbols' in version `normal'
(Font)                  OMX/cmex/m/n --> OMX/txex/m/n on input line 120.
LaTeX Font Info:    Overwriting symbol font `largesymbols' in version `bold'
(Font)                  OMX/cmex/m/n --> OMX/txex/m/n on input line 120.
LaTeX Font Info:    Overwriting symbol font `largesymbols' in version `bold'
(Font)                  OMX/txex/m/n --> OMX/txex/bx/n on input line 121.
\symlargesymbolsA=\mathgroup9
LaTeX Font Info:    Overwriting symbol font `largesymbolsA' in version `bold'
(Font)                  U/txexa/m/n --> U/txexa/bx/n on input line 129.
LaTeX Font Info:    Redeclaring math symbol \mathsterling on input line 164.
LaTeX Font Info:    Redeclaring math symbol \hbar on input line 591.
LaTeX Info: Redefining \not on input line 1043.
) (/usr/share/texlive/texmf-dist/tex/latex/graphics/color.sty
Package: color 2022/01/06 v1.3d Standard LaTeX Color (DPC)
 (/usr/share/texlive/texmf-dist/tex/latex/graphics-cfg/color.cfg
File: color.cfg 2016/01/02 v1.6 sample color configuration
)
Package color Info: Driver file: pdftex.def on input line 149.
 (/usr/share/texlive/texmf-dist/tex/latex/graphics/mathcolor.ltx)) (/usr/share/texlive/texmf-dist/tex/latex/lineno/lineno.sty
Package: lineno 2023/05/20 line numbers on paragraphs v5.3
 (/usr/share/texlive/texmf-dist/tex/latex/etoolbox/etoolbox.sty
Package: etoolbox 2020/10/05 v2.5k e-TeX tools for LaTeX (JAW)
\etb@tempcnta=\count276
) (/usr/share/texlive/texmf-dist/tex/latex/kvoptions/kvoptions.sty
Package: kvoptions 2022-06-15 v3.15 Key value format for package options (HO)
 (/usr/share/texlive/texmf-dist/tex/generic/ltxcmds/ltxcmds.sty
Package: ltxcmds 2023-12-04 v1.26 LaTeX kernel commands for general use (HO)
) (/usr/share/texlive/texmf-dist/tex/latex/kvsetkeys/kvsetkeys.sty
Package: kvsetkeys 2022-10-05 v1.19 Key value parser (HO)
))
\linenopenalty=\count277
\output=\toks24
\linenoprevgraf=\count278
\linenumbersep=\dimen161
\linenumberwidth=\dimen162
\c@linenumber=\count279
\c@pagewiselinenumber=\count280
\c@LN@truepage=\count281
\c@internallinenumber=\count282
\c@internallinenumbers=\count283
\quotelinenumbersep=\dimen163
\bframerule=\dimen164
\bframesep=\dimen165
\bframebox=\box53
\linenoamsmath@ams@eqpen=\count284
LaTeX Info: Redefining \\ on input line 3180.
) (/usr/share/texlive/texmf-dist/tex/latex/hyperref/hyperref.sty
Package: hyperref 2024-01-20 v7.01h Hypertext links for LaTeX
 (/usr/share/texlive/texmf-dist/tex/generic/kvdefinekeys/kvdefinekeys.sty
Package: kvdefinekeys 2019-12-19 v1.6 Define keys (HO)
) (/usr/share/texlive/texmf-dist/tex/generic/pdfescape/pdfescape.sty
Package: pdfescape 2019/12/09 v1.15 Implements pdfTeX's escape features (HO)
 (/usr/share/texlive/texmf-dist/tex/generic/pdftexcmds/pdftexcmds.sty
Package: pdftexcmds 2020-06-27 v0.33 Utility functions of pdfTeX for LuaTeX (HO)
 (/usr/share/texlive/texmf-dist/tex/generic/infwarerr/infwarerr.sty
Package: infwarerr 2019/12/03 v1.5 Providing info/warning/error messages (HO)
)
Package pdftexcmds Info: \pdf@primitive is available.
Package pdftexcmds Info: \pdf@ifprimitive is available.
Package pdftexcmds Info: \pdfdraftmode found.
)) (/usr/share/texlive/texmf-dist/tex/latex/hycolor/hycolor.sty
Package: hycolor 2020-01-27 v1.10 Color options for hyperref/bookmark (HO)
) (/usr/share/texlive/texmf-dist/tex/latex/auxhook/auxhook.sty
Package: auxhook 2019-12-17 v1.6 Hooks for auxiliary files (HO)
) (/usr/share/texlive/texmf-dist/tex/latex/hyperref/nameref.sty
Package: nameref 2023-11-26 v2.56 Cross-referencing by name of section
 (/usr/share/texlive/texmf-dist/tex/latex/refcount/refcount.sty
Package: refcount 2019/12/15 v3.6 Data extraction from label references (HO)
) (/usr/share/texlive/texmf-dist/tex/generic/gettitlestring/gettitlestring.sty
Package: gettitlestring 2019/12/15 v1.6 Cleanup title references (HO)
)
\c@section@level=\count285
)
\@linkdim=\dimen166
\Hy@linkcounter=\count286
\Hy@pagecounter=\count287
 (/usr/share/texlive/texmf-dist/tex/latex/hyperref/pd1enc.def
File: pd1enc.def 2024-01-20 v7.01h Hyperref: PDFDocEncoding definition (HO)
Now handling font encoding PD1 ...
... no UTF-8 mapping file for font encoding PD1
) (/usr/share/texlive/texmf-dist/tex/generic/intcalc/intcalc.sty
Package: intcalc 2019/12/15 v1.3 Expandable calculations with integers (HO)
)
\Hy@SavedSpaceFactor=\count288
 (/usr/share/texlive/texmf-dist/tex/latex/hyperref/puenc.def
File: puenc.def 2024-01-20 v7.01h Hyperref: PDF Unicode definition (HO)
Now handling font encoding PU ...
... no UTF-8 mapping file for font encoding PU
)
Package hyperref Info: Option `colorlinks' set `true' on input line 4062.
Package hyperref Info: Hyper figures OFF on input line 4179.
Package hyperref Info: Link nesting OFF on input line 4184.
Package hyperref Info: Hyper index ON on input line 4187.
Package hyperref Info: Plain pages OFF on input line 4194.
Package hyperref Info: Backreferencing OFF on input line 4199.
Package hyperref Info: Implicit mode ON; LaTeX internals redefined.
Package hyperref Info: Bookmarks ON on input line 4446.
\c@Hy@tempcnt=\count289
 (/usr/share/texlive/texmf-dist/tex/latex/url/url.sty
\Urlmuskip=\muskip17
Package: url 2013/09/16  ver 3.4  Verb mode for urls, etc.
)
LaTeX Info: Redefining \url on input line 4784.
\XeTeXLinkMargin=\dimen167
 (/usr/share/texlive/texmf-dist/tex/generic/bitset/bitset.sty
Package: bitset 2019/12/09 v1.3 Handle bit-vector datatype (HO)
 (/usr/share/texlive/texmf-dist/tex/generic/bigintcalc/bigintcalc.sty
Package: bigintcalc 2019/12/15 v1.5 Expandable calculations on big integers (HO)
))
\Fld@menulength=\count290
\Field@Width=\dimen168
\Fld@charsize=\dimen169
Package hyperref Info: Hyper figures OFF on input line 6063.
Package hyperref Info: Link nesting OFF on input line 6068.
Package hyperref Info: Hyper index ON on input line 6071.
Package hyperref Info: backreferencing OFF on input line 6078.
Package hyperref Info: Link coloring ON on input line 6081.
Package hyperref Info: Link coloring with OCG OFF on input line 6088.
Package hyperref Info: PDF/A mode OFF on input line 6093.
 (/usr/share/texlive/texmf-dist/tex/latex/base/atbegshi-ltx.sty
Package: atbegshi-ltx 2021/01/10 v1.0c Emulation of the original atbegshi
package with kernel methods
)
\Hy@abspage=\count291
\c@Item=\count292
\c@Hfootnote=\count293
)
Package hyperref Info: Driver (autodetected): hpdftex.
 (/usr/share/texlive/texmf-dist/tex/latex/hyperref/hpdftex.def
File: hpdftex.def 2024-01-20 v7.01h Hyperref driver for pdfTeX
 (/usr/share/texlive/texmf-dist/tex/latex/base/atveryend-ltx.sty
Package: atveryend-ltx 2020/08/19 v1.0a Emulation of the original atveryend package
with kernel methods
)
\Fld@listcount=\count294
\c@bookmark@seq@number=\count295
 (/usr/share/texlive/texmf-dist/tex/latex/rerunfilecheck/rerunfilecheck.sty
Package: rerunfilecheck 2022-07-10 v1.10 Rerun checks for auxiliary files (HO)
 (/usr/share/texlive/texmf-dist/tex/generic/uniquecounter/uniquecounter.sty
Package: uniquecounter 2019/12/15 v1.4 Provide unlimited unique counter (HO)
)
Package uniquecounter Info: New unique counter `rerunfilecheck' on input line 285.
)
\Hy@SectionHShift=\skip53
)
\capindent=\skip54
\capwidth=\skip55
\figwidth=\skip56
) (/usr/share/texlive/texmf-dist/tex/latex/base/inputenc.sty
Package: inputenc 2021/02/14 v1.3d Input encoding file
\inpenc@prehook=\toks25
\inpenc@posthook=\toks26
)
   defining Unicode char U+2212 (decimal 8722)
 (/usr/share/texlive/texmf-dist/tex/latex/setspace/setspace.sty
Package: setspace 2022/12/04 v6.7b set line spacing
) (./besphysics.sty
\boxsqbox=\box54
\boxsize=\dimen170
\dkwidth=\dimen171
\symspecial=\mathgroup10
) (./besrefblk.sty
Package: besrefblk 
\refaffilsep=\skip57
\@refaffilsep=\skip58
\c@Maxrefaffil=\count296
\@refbffilsep=\skip59
\c@Maxrefbffil=\count297
\c@refmembers=\count298
\c@refeditors=\count299
\c@refaffil=\count300
\c@refbffil=\count301
) (/usr/share/texlive/texmf-dist/tex/latex/preprint/authblk.sty
Package: authblk 2001/02/27 1.3 (PWD)
\affilsep=\skip60
\@affilsep=\skip61
\c@Maxaffil=\count302
\c@authors=\count303
\c@affil=\count304
) (/usr/share/texlive/texmf-dist/tex/latex/appendix/appendix.sty
Package: appendix 2020/02/08 v1.2c extra appendix facilities
\c@@pps=\count305
\c@@ppsavesec=\count306
\c@@ppsaveapp=\count307
) (/usr/share/texlive/texmf-dist/tex/latex/fancyhdr/fancyhdr.sty
Package: fancyhdr 2022/11/09 v4.1 Extensive control of page headers and footers
\f@nch@headwidth=\skip62
\f@nch@O@elh=\skip63
\f@nch@O@erh=\skip64
\f@nch@O@olh=\skip65
\f@nch@O@orh=\skip66
\f@nch@O@elf=\skip67
\f@nch@O@erf=\skip68
\f@nch@O@olf=\skip69
\f@nch@O@orf=\skip70
) (/usr/share/texlive/texmf-dist/tex/latex/float/float.sty
Package: float 2001/11/08 v1.3d Float enhancements (AL)
\c@float@type=\count308
\float@exts=\toks27
\float@box=\box55
\@float@everytoks=\toks28
\@floatcapt=\box56
) (/usr/share/texlive/texmf-dist/tex/latex/graphics/rotating.sty
Package: rotating 2016/08/11 v2.16d rotated objects in LaTeX
 (/usr/share/texlive/texmf-dist/tex/latex/base/ifthen.sty
Package: ifthen 2022/04/13 v1.1d Standard LaTeX ifthen package (DPC)
)
\c@r@tfl@t=\count309
\rotFPtop=\skip71
\rotFPbot=\skip72
\rot@float@box=\box57
\rot@mess@toks=\toks29
) (/usr/share/texlive/texmf-dist/tex/latex/subfig/subfig.sty
Package: subfig 2005/06/28 ver: 1.3 subfig package
 (/usr/share/texlive/texmf-dist/tex/latex/caption/caption.sty
Package: caption 2023/08/05 v3.6o Customizing captions (AR)
 (/usr/share/texlive/texmf-dist/tex/latex/caption/caption3.sty
Package: caption3 2023/07/31 v2.4d caption3 kernel (AR)
\caption@tempdima=\dimen172
\captionmargin=\dimen173
\caption@leftmargin=\dimen174
\caption@rightmargin=\dimen175
\caption@width=\dimen176
\caption@indent=\dimen177
\caption@parindent=\dimen178
\caption@hangindent=\dimen179
Package caption Info: Standard document class detected.
)
\c@caption@flags=\count310
\c@continuedfloat=\count311
Package caption Info: float package is loaded.
Package caption Info: hyperref package is loaded.
Package caption Info: rotating package is loaded.
)
\c@KVtest=\count312
\sf@farskip=\skip73
\sf@captopadj=\dimen180
\sf@capskip=\skip74
\sf@nearskip=\skip75
\c@subfigure=\count313
\c@subfigure@save=\count314
\c@lofdepth=\count315
\c@subtable=\count316
\c@subtable@save=\count317
\c@lotdepth=\count318
\sf@top=\skip76
\sf@bottom=\skip77
) (/usr/share/texlive/texmf-dist/tex/latex/overpic/overpic.sty
Package: overpic 2024/01/06 2.1 picture overlays (RN)
 (/usr/share/texlive/texmf-dist/tex/latex/eepic/epic.sty
Enhancements to Picture Environment. Version 1.2 - Released June 1, 1986
\@@multicnt=\count319
\d@lta=\count320
\@delta=\dimen181
\@@delta=\dimen182
\@gridcnt=\count321
\@joinkind=\count322
\@dotgap=\dimen183
\@ddotgap=\dimen184
\@x@diff=\count323
\@y@diff=\count324
\x@diff=\dimen185
\y@diff=\dimen186
\@dotbox=\box58
\num@segments=\count325
\num@segmentsi=\count326
\@datafile=\read2
)
\OVP@box=\box59
) (/usr/share/texlive/texmf-dist/tex/latex/colortbl/colortbl.sty
Package: colortbl 2022/06/20 v1.0f Color table columns (DPC)
 (/usr/share/texlive/texmf-dist/tex/latex/tools/array.sty
Package: array 2023/10/16 v2.5g Tabular extension package (FMi)
\col@sep=\dimen187
\ar@mcellbox=\box60
\extrarowheight=\dimen188
\NC@list=\toks30
\extratabsurround=\skip78
\backup@length=\skip79
\ar@cellbox=\box61
)
\everycr=\toks31
\minrowclearance=\skip80
\rownum=\count327
) (/usr/share/texlive/texmf-dist/tex/latex/amsfonts/amsfonts.sty
Package: amsfonts 2013/01/14 v3.01 Basic AMSFonts support
LaTeX Font Info:    Redeclaring symbol font `AMSa' on input line 59.
LaTeX Font Info:    Overwriting symbol font `AMSa' in version `normal'
(Font)                  U/txsya/m/n --> U/msa/m/n on input line 59.
LaTeX Font Info:    Overwriting symbol font `AMSa' in version `bold'
(Font)                  U/txsya/bx/n --> U/msa/m/n on input line 59.
LaTeX Font Info:    Redeclaring symbol font `AMSb' on input line 60.
LaTeX Font Info:    Overwriting symbol font `AMSb' in version `normal'
(Font)                  U/txsyb/m/n --> U/msb/m/n on input line 60.
LaTeX Font Info:    Overwriting symbol font `AMSb' in version `bold'
(Font)                  U/txsyb/bx/n --> U/msb/m/n on input line 60.
LaTeX Font Info:    Redeclaring math delimiter \ulcorner on input line 74.
LaTeX Font Info:    Redeclaring math delimiter \urcorner on input line 75.
LaTeX Font Info:    Redeclaring math delimiter \llcorner on input line 76.
LaTeX Font Info:    Redeclaring math delimiter \lrcorner on input line 77.
LaTeX Font Info:    Redeclaring math symbol \square on input line 141.
LaTeX Font Info:    Redeclaring math symbol \lozenge on input line 142.
) (/usr/share/texlive/texmf-dist/tex/latex/amsfonts/amssymb.sty
Package: amssymb 2013/01/14 v3.01 AMS font symbols
LaTeX Font Info:    Redeclaring math symbol \boxdot on input line 44.
LaTeX Font Info:    Redeclaring math symbol \boxplus on input line 45.
LaTeX Font Info:    Redeclaring math symbol \boxtimes on input line 46.
LaTeX Font Info:    Redeclaring math symbol \blacksquare on input line 48.
LaTeX Font Info:    Redeclaring math symbol \centerdot on input line 49.
LaTeX Font Info:    Redeclaring math symbol \blacklozenge on input line 51.
LaTeX Font Info:    Redeclaring math symbol \circlearrowright on input line 52.
LaTeX Font Info:    Redeclaring math symbol \circlearrowleft on input line 53.
LaTeX Font Info:    Redeclaring math symbol \leftrightharpoons on input line 56.
LaTeX Font Info:    Redeclaring math symbol \boxminus on input line 57.
LaTeX Font Info:    Redeclaring math symbol \Vdash on input line 58.
LaTeX Font Info:    Redeclaring math symbol \Vvdash on input line 59.
LaTeX Font Info:    Redeclaring math symbol \vDash on input line 60.
LaTeX Font Info:    Redeclaring math symbol \twoheadrightarrow on input line 61.
LaTeX Font Info:    Redeclaring math symbol \twoheadleftarrow on input line 62.
LaTeX Font Info:    Redeclaring math symbol \leftleftarrows on input line 63.
LaTeX Font Info:    Redeclaring math symbol \rightrightarrows on input line 64.
LaTeX Font Info:    Redeclaring math symbol \upuparrows on input line 65.
LaTeX Font Info:    Redeclaring math symbol \downdownarrows on input line 66.
LaTeX Font Info:    Redeclaring math symbol \upharpoonright on input line 67.
LaTeX Font Info:    Redeclaring math symbol \downharpoonright on input line 69.
LaTeX Font Info:    Redeclaring math symbol \upharpoonleft on input line 70.
LaTeX Font Info:    Redeclaring math symbol \downharpoonleft on input line 71.
LaTeX Font Info:    Redeclaring math symbol \rightarrowtail on input line 72.
LaTeX Font Info:    Redeclaring math symbol \leftarrowtail on input line 73.
LaTeX Font Info:    Redeclaring math symbol \leftrightarrows on input line 74.
LaTeX Font Info:    Redeclaring math symbol \rightleftarrows on input line 75.
LaTeX Font Info:    Redeclaring math symbol \Lsh on input line 76.
LaTeX Font Info:    Redeclaring math symbol \Rsh on input line 77.
LaTeX Font Info:    Redeclaring math symbol \leftrightsquigarrow on input line 79.
LaTeX Font Info:    Redeclaring math symbol \looparrowleft on input line 80.
LaTeX Font Info:    Redeclaring math symbol \looparrowright on input line 81.
LaTeX Font Info:    Redeclaring math symbol \circeq on input line 82.
LaTeX Font Info:    Redeclaring math symbol \succsim on input line 83.
LaTeX Font Info:    Redeclaring math symbol \gtrsim on input line 84.
LaTeX Font Info:    Redeclaring math symbol \gtrapprox on input line 85.
LaTeX Font Info:    Redeclaring math symbol \multimap on input line 86.
LaTeX Font Info:    Redeclaring math symbol \therefore on input line 87.
LaTeX Font Info:    Redeclaring math symbol \because on input line 88.
LaTeX Font Info:    Redeclaring math symbol \doteqdot on input line 89.
LaTeX Font Info:    Redeclaring math symbol \triangleq on input line 91.
LaTeX Font Info:    Redeclaring math symbol \precsim on input line 92.
LaTeX Font Info:    Redeclaring math symbol \lesssim on input line 93.
LaTeX Font Info:    Redeclaring math symbol \lessapprox on input line 94.
LaTeX Font Info:    Redeclaring math symbol \eqslantless on input line 95.
LaTeX Font Info:    Redeclaring math symbol \eqslantgtr on input line 96.
LaTeX Font Info:    Redeclaring math symbol \curlyeqprec on input line 97.
LaTeX Font Info:    Redeclaring math symbol \curlyeqsucc on input line 98.
LaTeX Font Info:    Redeclaring math symbol \preccurlyeq on input line 99.
LaTeX Font Info:    Redeclaring math symbol \leqq on input line 100.
LaTeX Font Info:    Redeclaring math symbol \leqslant on input line 101.
LaTeX Font Info:    Redeclaring math symbol \lessgtr on input line 102.
LaTeX Font Info:    Redeclaring math symbol \backprime on input line 103.
LaTeX Font Info:    Redeclaring math symbol \risingdotseq on input line 104.
LaTeX Font Info:    Redeclaring math symbol \fallingdotseq on input line 105.
LaTeX Font Info:    Redeclaring math symbol \succcurlyeq on input line 106.
LaTeX Font Info:    Redeclaring math symbol \geqq on input line 107.
LaTeX Font Info:    Redeclaring math symbol \geqslant on input line 108.
LaTeX Font Info:    Redeclaring math symbol \gtrless on input line 109.
LaTeX Font Info:    Redeclaring math symbol \bigstar on input line 117.
LaTeX Font Info:    Redeclaring math symbol \between on input line 118.
LaTeX Font Info:    Redeclaring math symbol \blacktriangledown on input line 119.
LaTeX Font Info:    Redeclaring math symbol \blacktriangleright on input line 120.
LaTeX Font Info:    Redeclaring math symbol \blacktriangleleft on input line 121.
LaTeX Font Info:    Redeclaring math symbol \vartriangle on input line 122.
LaTeX Font Info:    Redeclaring math symbol \blacktriangle on input line 123.
LaTeX Font Info:    Redeclaring math symbol \triangledown on input line 124.
LaTeX Font Info:    Redeclaring math symbol \eqcirc on input line 125.
LaTeX Font Info:    Redeclaring math symbol \lesseqgtr on input line 126.
LaTeX Font Info:    Redeclaring math symbol \gtreqless on input line 127.
LaTeX Font Info:    Redeclaring math symbol \lesseqqgtr on input line 128.
LaTeX Font Info:    Redeclaring math symbol \gtreqqless on input line 129.
LaTeX Font Info:    Redeclaring math symbol \Rrightarrow on input line 130.
LaTeX Font Info:    Redeclaring math symbol \Lleftarrow on input line 131.
LaTeX Font Info:    Redeclaring math symbol \veebar on input line 132.
LaTeX Font Info:    Redeclaring math symbol \barwedge on input line 133.
LaTeX Font Info:    Redeclaring math symbol \doublebarwedge on input line 134.
LaTeX Font Info:    Redeclaring math symbol \measuredangle on input line 137.
LaTeX Font Info:    Redeclaring math symbol \sphericalangle on input line 138.
LaTeX Font Info:    Redeclaring math symbol \varpropto on input line 139.
LaTeX Font Info:    Redeclaring math symbol \smallsmile on input line 140.
LaTeX Font Info:    Redeclaring math symbol \smallfrown on input line 141.
LaTeX Font Info:    Redeclaring math symbol \Subset on input line 142.
LaTeX Font Info:    Redeclaring math symbol \Supset on input line 143.
LaTeX Font Info:    Redeclaring math symbol \Cup on input line 144.
LaTeX Font Info:    Redeclaring math symbol \Cap on input line 146.
LaTeX Font Info:    Redeclaring math symbol \curlywedge on input line 148.
LaTeX Font Info:    Redeclaring math symbol \curlyvee on input line 149.
LaTeX Font Info:    Redeclaring math symbol \leftthreetimes on input line 150.
LaTeX Font Info:    Redeclaring math symbol \rightthreetimes on input line 151.
LaTeX Font Info:    Redeclaring math symbol \subseteqq on input line 152.
LaTeX Font Info:    Redeclaring math symbol \supseteqq on input line 153.
LaTeX Font Info:    Redeclaring math symbol \bumpeq on input line 154.
LaTeX Font Info:    Redeclaring math symbol \Bumpeq on input line 155.
LaTeX Font Info:    Redeclaring math symbol \lll on input line 156.
LaTeX Font Info:    Redeclaring math symbol \ggg on input line 158.
LaTeX Font Info:    Redeclaring math symbol \circledS on input line 160.
LaTeX Font Info:    Redeclaring math symbol \pitchfork on input line 161.
LaTeX Font Info:    Redeclaring math symbol \dotplus on input line 162.
LaTeX Font Info:    Redeclaring math symbol \backsim on input line 163.
LaTeX Font Info:    Redeclaring math symbol \backsimeq on input line 164.
LaTeX Font Info:    Redeclaring math symbol \complement on input line 165.
LaTeX Font Info:    Redeclaring math symbol \intercal on input line 166.
LaTeX Font Info:    Redeclaring math symbol \circledcirc on input line 167.
LaTeX Font Info:    Redeclaring math symbol \circledast on input line 168.
LaTeX Font Info:    Redeclaring math symbol \circleddash on input line 169.
LaTeX Font Info:    Redeclaring math symbol \lvertneqq on input line 171.
LaTeX Font Info:    Redeclaring math symbol \gvertneqq on input line 172.
LaTeX Font Info:    Redeclaring math symbol \nleq on input line 173.
LaTeX Font Info:    Redeclaring math symbol \ngeq on input line 174.
LaTeX Font Info:    Redeclaring math symbol \nless on input line 175.
LaTeX Font Info:    Redeclaring math symbol \ngtr on input line 176.
LaTeX Font Info:    Redeclaring math symbol \nprec on input line 177.
LaTeX Font Info:    Redeclaring math symbol \nsucc on input line 178.
LaTeX Font Info:    Redeclaring math symbol \lneqq on input line 179.
LaTeX Font Info:    Redeclaring math symbol \gneqq on input line 180.
LaTeX Font Info:    Redeclaring math symbol \nleqslant on input line 181.
LaTeX Font Info:    Redeclaring math symbol \ngeqslant on input line 182.
LaTeX Font Info:    Redeclaring math symbol \lneq on input line 183.
LaTeX Font Info:    Redeclaring math symbol \gneq on input line 184.
LaTeX Font Info:    Redeclaring math symbol \npreceq on input line 185.
LaTeX Font Info:    Redeclaring math symbol \nsucceq on input line 186.
LaTeX Font Info:    Redeclaring math symbol \precnsim on input line 187.
LaTeX Font Info:    Redeclaring math symbol \succnsim on input line 188.
LaTeX Font Info:    Redeclaring math symbol \lnsim on input line 189.
LaTeX Font Info:    Redeclaring math symbol \gnsim on input line 190.
LaTeX Font Info:    Redeclaring math symbol \nleqq on input line 191.
LaTeX Font Info:    Redeclaring math symbol \ngeqq on input line 192.
LaTeX Font Info:    Redeclaring math symbol \precneqq on input line 193.
LaTeX Font Info:    Redeclaring math symbol \succneqq on input line 194.
LaTeX Font Info:    Redeclaring math symbol \precnapprox on input line 195.
LaTeX Font Info:    Redeclaring math symbol \succnapprox on input line 196.
LaTeX Font Info:    Redeclaring math symbol \lnapprox on input line 197.
LaTeX Font Info:    Redeclaring math symbol \gnapprox on input line 198.
LaTeX Font Info:    Redeclaring math symbol \nsim on input line 199.
LaTeX Font Info:    Redeclaring math symbol \ncong on input line 200.
LaTeX Font Info:    Redeclaring math symbol \diagup on input line 201.
LaTeX Font Info:    Redeclaring math symbol \diagdown on input line 202.
LaTeX Font Info:    Redeclaring math symbol \varsubsetneq on input line 203.
LaTeX Font Info:    Redeclaring math symbol \varsupsetneq on input line 204.
LaTeX Font Info:    Redeclaring math symbol \nsubseteqq on input line 205.
LaTeX Font Info:    Redeclaring math symbol \nsupseteqq on input line 206.
LaTeX Font Info:    Redeclaring math symbol \subsetneqq on input line 207.
LaTeX Font Info:    Redeclaring math symbol \supsetneqq on input line 208.
LaTeX Font Info:    Redeclaring math symbol \varsubsetneqq on input line 209.
LaTeX Font Info:    Redeclaring math symbol \varsupsetneqq on input line 210.
LaTeX Font Info:    Redeclaring math symbol \subsetneq on input line 211.
LaTeX Font Info:    Redeclaring math symbol \supsetneq on input line 212.
LaTeX Font Info:    Redeclaring math symbol \nsubseteq on input line 213.
LaTeX Font Info:    Redeclaring math symbol \nsupseteq on input line 214.
LaTeX Font Info:    Redeclaring math symbol \nparallel on input line 215.
LaTeX Font Info:    Redeclaring math symbol \nmid on input line 216.
LaTeX Font Info:    Redeclaring math symbol \nshortmid on input line 217.
LaTeX Font Info:    Redeclaring math symbol \nshortparallel on input line 218.
LaTeX Font Info:    Redeclaring math symbol \nvdash on input line 219.
LaTeX Font Info:    Redeclaring math symbol \nVdash on input line 220.
LaTeX Font Info:    Redeclaring math symbol \nvDash on input line 221.
LaTeX Font Info:    Redeclaring math symbol \nVDash on input line 222.
LaTeX Font Info:    Redeclaring math symbol \ntrianglerighteq on input line 223.
LaTeX Font Info:    Redeclaring math symbol \ntrianglelefteq on input line 224.
LaTeX Font Info:    Redeclaring math symbol \ntriangleleft on input line 225.
LaTeX Font Info:    Redeclaring math symbol \ntriangleright on input line 226.
LaTeX Font Info:    Redeclaring math symbol \nleftarrow on input line 227.
LaTeX Font Info:    Redeclaring math symbol \nrightarrow on input line 228.
LaTeX Font Info:    Redeclaring math symbol \nLeftarrow on input line 229.
LaTeX Font Info:    Redeclaring math symbol \nRightarrow on input line 230.
LaTeX Font Info:    Redeclaring math symbol \nLeftrightarrow on input line 231.
LaTeX Font Info:    Redeclaring math symbol \nleftrightarrow on input line 232.
LaTeX Font Info:    Redeclaring math symbol \divideontimes on input line 233.
LaTeX Font Info:    Redeclaring math symbol \varnothing on input line 234.
LaTeX Font Info:    Redeclaring math symbol \nexists on input line 235.
LaTeX Font Info:    Redeclaring math symbol \Finv on input line 236.
LaTeX Font Info:    Redeclaring math symbol \Game on input line 237.
LaTeX Font Info:    Redeclaring math symbol \eth on input line 240.
LaTeX Font Info:    Redeclaring math symbol \eqsim on input line 241.
LaTeX Font Info:    Redeclaring math symbol \beth on input line 242.
LaTeX Font Info:    Redeclaring math symbol \gimel on input line 243.
LaTeX Font Info:    Redeclaring math symbol \daleth on input line 244.
LaTeX Font Info:    Redeclaring math symbol \lessdot on input line 245.
LaTeX Font Info:    Redeclaring math symbol \gtrdot on input line 246.
LaTeX Font Info:    Redeclaring math symbol \ltimes on input line 247.
LaTeX Font Info:    Redeclaring math symbol \rtimes on input line 248.
LaTeX Font Info:    Redeclaring math symbol \shortmid on input line 249.
LaTeX Font Info:    Redeclaring math symbol \shortparallel on input line 250.
LaTeX Font Info:    Redeclaring math symbol \smallsetminus on input line 251.
LaTeX Font Info:    Redeclaring math symbol \thicksim on input line 252.
LaTeX Font Info:    Redeclaring math symbol \thickapprox on input line 253.
LaTeX Font Info:    Redeclaring math symbol \approxeq on input line 254.
LaTeX Font Info:    Redeclaring math symbol \succapprox on input line 255.
LaTeX Font Info:    Redeclaring math symbol \precapprox on input line 256.
LaTeX Font Info:    Redeclaring math symbol \curvearrowleft on input line 257.
LaTeX Font Info:    Redeclaring math symbol \curvearrowright on input line 258.
LaTeX Font Info:    Redeclaring math symbol \digamma on input line 259.
LaTeX Font Info:    Redeclaring math symbol \varkappa on input line 260.
LaTeX Font Info:    Redeclaring math symbol \Bbbk on input line 261.
LaTeX Font Info:    Redeclaring math symbol \hslash on input line 262.
LaTeX Font Info:    Redeclaring math symbol \backepsilon on input line 265.
) (/usr/share/texlive/texmf-dist/tex/latex/multirow/multirow.sty
Package: multirow 2021/03/15 v2.8 Span multiple rows of a table
\multirow@colwidth=\skip81
\multirow@cntb=\count328
\multirow@dima=\skip82
\bigstrutjot=\dimen189
) (/usr/share/texlive/texmf-dist/tex/latex/tools/multicol.sty
Package: multicol 2023/03/30 v1.9f multicolumn formatting (FMi)
\c@tracingmulticols=\count329
\mult@box=\box62
\multicol@leftmargin=\dimen190
\c@unbalance=\count330
\c@collectmore=\count331
\doublecol@number=\count332
\multicoltolerance=\count333
\multicolpretolerance=\count334
\full@width=\dimen191
\page@free=\dimen192
\premulticols=\dimen193
\postmulticols=\dimen194
\multicolsep=\skip83
\multicolbaselineskip=\skip84
\partial@page=\box63
\last@line=\box64
\mc@boxedresult=\box65
\maxbalancingoverflow=\dimen195
\mult@rightbox=\box66
\mult@grightbox=\box67
\mult@firstbox=\box68
\mult@gfirstbox=\box69
\@tempa=\box70
\@tempa=\box71
\@tempa=\box72
\@tempa=\box73
\@tempa=\box74
\@tempa=\box75
\@tempa=\box76
\@tempa=\box77
\@tempa=\box78
\@tempa=\box79
\@tempa=\box80
\@tempa=\box81
\@tempa=\box82
\@tempa=\box83
\@tempa=\box84
\@tempa=\box85
\@tempa=\box86
\@tempa=\box87
\@tempa=\box88
\@tempa=\box89
\@tempa=\box90
\@tempa=\box91
\@tempa=\box92
\@tempa=\box93
\@tempa=\box94
\@tempa=\box95
\@tempa=\box96
\@tempa=\box97
\@tempa=\box98
\@tempa=\box99
\@tempa=\box100
\@tempa=\box101
\@tempa=\box102
\@tempa=\box103
\@tempa=\box104
\@tempa=\box105
\c@minrows=\count335
\c@columnbadness=\count336
\c@finalcolumnbadness=\count337
\last@try=\dimen196
\multicolovershoot=\dimen197
\multicolundershoot=\dimen198
\mult@nat@firstbox=\box106
\colbreak@box=\box107
\mc@col@check@num=\count338
) (/usr/share/texlive/texmf-dist/tex/latex/diagbox/diagbox.sty
Package: diagbox 2020/02/09 v2.3 Making table heads with diagonal lines
 (/usr/share/texlive/texmf-dist/tex/latex/pict2e/pict2e.sty
Package: pict2e 2020/09/30 v0.4b Improved picture commands (HjG,RN,JT)
 (/usr/share/texlive/texmf-dist/tex/latex/pict2e/pict2e.cfg
File: pict2e.cfg 2016/02/05 v0.1u pict2e configuration for teTeX/TeXLive
)
Package pict2e Info: Driver file: pdftex.def on input line 112.
Package pict2e Info: Driver file for pict2e: p2e-pdftex.def on input line 114.
 (/usr/share/texlive/texmf-dist/tex/latex/pict2e/p2e-pdftex.def
File: p2e-pdftex.def 2016/02/05 v0.1u Driver-dependant file (RN,HjG,JT)
)
\pIIe@GRAPH=\toks32
\@arclen=\dimen199
\@arcrad=\dimen256
\pIIe@tempdima=\dimen257
\pIIe@tempdimb=\dimen258
\pIIe@tempdimc=\dimen259
\pIIe@tempdimd=\dimen260
\pIIe@tempdime=\dimen261
\pIIe@tempdimf=\dimen262
) (/usr/share/texlive/texmf-dist/tex/latex/tools/calc.sty
Package: calc 2023/07/08 v4.3 Infix arithmetic (KKT,FJ)
\calc@Acount=\count339
\calc@Bcount=\count340
\calc@Adimen=\dimen263
\calc@Bdimen=\dimen264
\calc@Askip=\skip85
\calc@Bskip=\skip86
LaTeX Info: Redefining \setlength on input line 80.
LaTeX Info: Redefining \addtolength on input line 81.
\calc@Ccount=\count341
\calc@Cskip=\skip87
)
\diagbox@boxa=\box108
\diagbox@boxb=\box109
\diagbox@boxm=\box110
\diagbox@wd=\dimen265
\diagbox@ht=\dimen266
\diagbox@insepl=\dimen267
\diagbox@insepr=\dimen268
\diagbox@outsepl=\dimen269
\diagbox@outsepr=\dimen270
) (/usr/share/texlive/texmf-dist/tex/latex/units/units.sty
Package: units 1998/08/04 v0.9b Typesetting units
 (/usr/share/texlive/texmf-dist/tex/latex/units/nicefrac.sty
Package: nicefrac 1998/08/04 v0.9b Nice fractions
\L@UnitsRaiseDisplaystyle=\skip88
\L@UnitsRaiseTextstyle=\skip89
\L@UnitsRaiseScriptstyle=\skip90
)) (./hangcaption.sty
\captionwidth=\skip91
) (/usr/share/texlive/texmf-dist/tex/latex/tools/xspace.sty
Package: xspace 2014/10/28 v1.13 Space after command names (DPC,MH)
) (/usr/share/texlive/texmf-dist/tex/latex/tools/indentfirst.sty
Package: indentfirst 2023/07/02 v1.03 Indent first paragraph (DPC)
) (/usr/share/texlive/texmf-dist/tex/latex/booktabs/booktabs.sty
Package: booktabs 2020/01/12 v1.61803398 Publication quality tables
\heavyrulewidth=\dimen271
\lightrulewidth=\dimen272
\cmidrulewidth=\dimen273
\belowrulesep=\dimen274
\belowbottomsep=\dimen275
\aboverulesep=\dimen276
\abovetopsep=\dimen277
\cmidrulesep=\dimen278
\cmidrulekern=\dimen279
\defaultaddspace=\dimen280
\@cmidla=\count342
\@cmidlb=\count343
\@aboverulesep=\dimen281
\@belowrulesep=\dimen282
\@thisruleclass=\count344
\@lastruleclass=\count345
\@thisrulewidth=\dimen283
) (/usr/share/texlive/texmf-dist/tex/latex/tools/bm.sty
Package: bm 2023/07/08 v1.2f Bold Symbol Support (DPC/FMi)
\symboldoperators=\mathgroup11
\symboldletters=\mathgroup12
\symboldsymbols=\mathgroup13
\symboldlargesymbols=\mathgroup14
Package bm Info: No bold for \U/msa/m/n, using \pmb.
Package bm Info: No bold for \U/msb/m/n, using \pmb.
Package bm Info: No bold for \OML/cmm/m/it, using \pmb.
LaTeX Font Info:    Redeclaring math alphabet \mathbf on input line 149.
) (/usr/share/texlive/texmf-dist/tex/latex/jknapltx/mathrsfs.sty
Package: mathrsfs 1996/01/01 Math RSFS package v1.0 (jk)
\symrsfs=\mathgroup15
) (/usr/share/texlive/texmf-dist/tex/latex/bbm-macros/bbm.sty
Package: bbm 1999/03/15 V 1.2 provides fonts for set symbols - TH
LaTeX Font Info:    Overwriting math alphabet `\mathbbm' in version `bold'
(Font)                  U/bbm/m/n --> U/bbm/bx/n on input line 33.
LaTeX Font Info:    Overwriting math alphabet `\mathbbmss' in version `bold'
(Font)                  U/bbmss/m/n --> U/bbmss/bx/n on input line 35.
) (/usr/share/texlive/texmf-dist/tex/latex/amsmath/amscd.sty
Package: amscd 2017/04/14 v2.1 AMS Commutative Diagrams
\athelp@=\toks33
\minaw@=\dimen284
\bigaw@=\dimen285
\minCDarrowwidth=\dimen286
) (/usr/share/texlive/texmf-dist/tex/latex/lastpage/lastpage.sty
Package: lastpage 2023/10/14 v2.0e lastpage: 2.09 or 2e? (HMM)
 (/usr/share/texlive/texmf-dist/tex/latex/lastpage/lastpage2e.sty
Package: lastpage2e 2023/10/14 v2.0e Decide which 2e lastpage version to use (HMM)
 (/usr/share/texlive/texmf-dist/tex/latex/lastpage/lastpagemodern.sty
Package: lastpagemodern 2023-10-14 v2.0e Refers to last page's name (HMM; JPG)
\c@lastpagecount=\count346
) 
)) (/usr/share/texlive/texmf-dist/tex/latex/tools/tabularx.sty
Package: tabularx 2023/07/08 v2.11c `tabularx' package (DPC)
\TX@col@width=\dimen287
\TX@old@table=\dimen288
\TX@old@col=\dimen289
\TX@target=\dimen290
\TX@delta=\dimen291
\TX@cols=\count347
\TX@ftn=\toks34
)
Package hyperref Info: Option `breaklinks' set `true' on input line 80.
Package hyperref Info: Option `colorlinks' set `true' on input line 80.


Package hyperref Warning: Option `pagecolor' is not available anymore.


Package hyperref Warning: Option `bookmarks' has already been used,
(hyperref)                setting the option has no effect on input line 86.

Package hyperref Info: Option `bookmarksnumbered' set `true' on input line 86.
Package hyperref Info: Option `linktocpage' set `true' on input line 86.

Package geometry Warning: Over-specification in `h'-direction.
    `width' (455.24408pt) is ignored.


Package geometry Warning: Over-specification in `v'-direction.
    `height' (660.10384pt) is ignored.

(/usr/share/texlive/texmf-dist/tex/latex/bigfoot/perpage.sty
Package: perpage 2014/10/25 2.0 Reset/sort counters per page
\c@abspage=\count348
)
\c@pp@a@footnote=\count349
LaTeX Font Info:    Trying to load font information for OT1+txr on input line 161.
 (/usr/share/texlive/texmf-dist/tex/latex/txfonts/ot1txr.fd
File: ot1txr.fd 2000/12/15 v3.1
) (/usr/share/texlive/texmf-dist/tex/latex/l3backend/l3backend-pdftex.def
File: l3backend-pdftex.def 2024-01-04 L3 backend support: PDF output (pdfTeX)
\l__color_backend_stack_int=\count350
\l__pdf_internal_box=\box111
)

LaTeX Warning: Unused global option(s):
    [12pt].

(./memo_hvp3pi.aux)
\openout1 = `memo_hvp3pi.aux'.

LaTeX Font Info:    Checking defaults for OML/txmi/m/it on input line 161.
LaTeX Font Info:    Trying to load font information for OML+txmi on input line 161.
 (/usr/share/texlive/texmf-dist/tex/latex/txfonts/omltxmi.fd
File: omltxmi.fd 2000/12/15 v3.1
)
LaTeX Font Info:    ... okay on input line 161.
LaTeX Font Info:    Checking defaults for OMS/txsy/m/n on input line 161.
LaTeX Font Info:    Trying to load font information for OMS+txsy on input line 161.
 (/usr/share/texlive/texmf-dist/tex/latex/txfonts/omstxsy.fd
File: omstxsy.fd 2000/12/15 v3.1
)
LaTeX Font Info:    ... okay on input line 161.
LaTeX Font Info:    Checking defaults for OT1/cmr/m/n on input line 161.
LaTeX Font Info:    ... okay on input line 161.
LaTeX Font Info:    Checking defaults for T1/cmr/m/n on input line 161.
LaTeX Font Info:    ... okay on input line 161.
LaTeX Font Info:    Checking defaults for TS1/cmr/m/n on input line 161.
LaTeX Font Info:    ... okay on input line 161.
LaTeX Font Info:    Checking defaults for OMX/txex/m/n on input line 161.
LaTeX Font Info:    Trying to load font information for OMX+txex on input line 161.
 (/usr/share/texlive/texmf-dist/tex/latex/txfonts/omxtxex.fd
File: omxtxex.fd 2000/12/15 v3.1
)
LaTeX Font Info:    ... okay on input line 161.
LaTeX Font Info:    Checking defaults for U/txexa/m/n on input line 161.
LaTeX Font Info:    Trying to load font information for U+txexa on input line 161.
 (/usr/share/texlive/texmf-dist/tex/latex/txfonts/utxexa.fd
File: utxexa.fd 2000/12/15 v3.1
)
LaTeX Font Info:    ... okay on input line 161.
LaTeX Font Info:    Checking defaults for PD1/pdf/m/n on input line 161.
LaTeX Font Info:    ... okay on input line 161.
LaTeX Font Info:    Checking defaults for PU/pdf/m/n on input line 161.
LaTeX Font Info:    ... okay on input line 161.

*geometry* driver: auto-detecting
*geometry* detected driver: pdftex
*geometry* verbose mode - [ preamble ] result:
* driver: pdftex
* paper: a4paper
* layout: <same size as paper>
* layoutoffset:(h,v)=(0.0pt,0.0pt)
* modes: 
* h-part:(L,W,R)=(71.13188pt, 455.24411pt, 71.13188pt)
* v-part:(T,H,B)=(85.35826pt, 660.10394pt, 99.58464pt)
* \paperwidth=597.50787pt
* \paperheight=845.04684pt
* \textwidth=455.24411pt
* \textheight=660.10394pt
* \oddsidemargin=-1.1381pt
* \evensidemargin=-1.1381pt
* \topmargin=-25.91173pt
* \headheight=14.0pt
* \headsep=25.0pt
* \topskip=11.0pt
* \footskip=30.0pt
* \marginparwidth=71.13188pt
* \marginparsep=7.0pt
* \columnsep=10.0pt
* \skip\footins=10.0pt plus 4.0pt minus 2.0pt
* \hoffset=0.0pt
* \voffset=0.0pt
* \mag=1000
* \@twocolumnfalse
* \@twosidefalse
* \@mparswitchfalse
* \@reversemarginfalse
* (1in=72.27pt=25.4mm, 1cm=28.453pt)

(/usr/share/texlive/texmf-dist/tex/context/base/mkii/supp-pdf.mkii
[Loading MPS to PDF converter (version 2006.09.02).]
\scratchcounter=\count351
\scratchdimen=\dimen292
\scratchbox=\box112
\nofMPsegments=\count352
\nofMParguments=\count353
\everyMPshowfont=\toks35
\MPscratchCnt=\count354
\MPscratchDim=\dimen293
\MPnumerator=\count355
\makeMPintoPDFobject=\count356
\everyMPtoPDFconversion=\toks36
) (/usr/share/texlive/texmf-dist/tex/latex/epstopdf-pkg/epstopdf-base.sty
Package: epstopdf-base 2020-01-24 v2.11 Base part for package epstopdf
Package epstopdf-base Info: Redefining graphics rule for `.eps' on input line 485.
 (/usr/share/texlive/texmf-dist/tex/latex/latexconfig/epstopdf-sys.cfg
File: epstopdf-sys.cfg 2010/07/13 v1.3 Configuration of (r)epstopdf for TeX Live
))
Package hyperref Info: Link coloring ON on input line 161.
 (./memo_hvp3pi.out) (./memo_hvp3pi.out)
\@outlinefile=\write3
\openout3 = `memo_hvp3pi.out'.

Package epstopdf Info: Source file: <AT_bes3logo.eps>
(epstopdf)                    date: 2026-01-05 19:23:12
(epstopdf)                    size: 902801 bytes
(epstopdf)             Output file: <AT_bes3logo-eps-converted-to.pdf>
(epstopdf)                    date: 2026-01-05 19:23:15
(epstopdf)                    size: 147794 bytes
(epstopdf)             Command: <repstopdf --outfile=AT_bes3logo-eps-converted-to.pdf AT_bes3logo.eps>
(epstopdf)             \includegraphics on input line 161.
Package epstopdf Info: Output file is already uptodate.
<AT_bes3logo-eps-converted-to.pdf, id=48, 597.23125pt x 845.1575pt>
File: AT_bes3logo-eps-converted-to.pdf Graphic file (type pdf)
<use AT_bes3logo-eps-converted-to.pdf>
Package pdftex.def Info: AT_bes3logo-eps-converted-to.pdf  used on input line 161.
(pdftex.def)             Requested size: 70.3706pt x 99.58464pt.
LaTeX Font Info:    Trying to load font information for U+txmia on input line 161.
 (/usr/share/texlive/texmf-dist/tex/latex/txfonts/utxmia.fd
File: utxmia.fd 2000/12/15 v3.1
)
LaTeX Font Info:    Trying to load font information for U+msa on input line 161.
 (/usr/share/texlive/texmf-dist/tex/latex/amsfonts/umsa.fd
File: umsa.fd 2013/01/14 v3.01 AMS symbols A
)
LaTeX Font Info:    Trying to load font information for U+msb on input line 161.
 (/usr/share/texlive/texmf-dist/tex/latex/amsfonts/umsb.fd
File: umsb.fd 2013/01/14 v3.01 AMS symbols B
)
LaTeX Font Info:    Trying to load font information for U+txsyc on input line 161.
 (/usr/share/texlive/texmf-dist/tex/latex/txfonts/utxsyc.fd
File: utxsyc.fd 2000/12/15 v3.1
)
LaTeX Font Info:    Trying to load font information for U+rsfs on input line 161.
 (/usr/share/texlive/texmf-dist/tex/latex/jknapltx/ursfs.fd
File: ursfs.fd 1998/03/24 rsfs font definition file (jk)
)
LaTeX Font Info:    Font shape `OT1/txr/b/n' in size <10.95> not available
(Font)              Font shape `OT1/txr/bx/n' tried instead on input line 161.
LaTeX Font Info:    Font shape `OT1/txr/b/n' in size <12> not available
(Font)              Font shape `OT1/txr/bx/n' tried instead on input line 161.
LaTeX Font Info:    Font shape `OT1/txr/b/n' in size <20.74> not available
(Font)              Font shape `OT1/txr/bx/n' tried instead on input line 161.
LaTeX Font Info:    Trying to load font information for OT1+txss on input line 161.
 (/usr/share/texlive/texmf-dist/tex/latex/txfonts/ot1txss.fd
File: ot1txss.fd 2000/12/15 v3.1
)
LaTeX Font Info:    Font shape `OT1/txss/b/n' will be
(Font)              scaled to size 19.70294pt on input line 161.
LaTeX Font Info:    Font shape `OT1/txr/b/n' in size <14.4> not available
(Font)              Font shape `OT1/txr/bx/n' tried instead on input line 161.
LaTeX Font Info:    Font shape `OT1/txss/b/n' will be
(Font)              scaled to size 13.67995pt on input line 161.
LaTeX Font Info:    Font shape `OT1/txss/b/n' will be
(Font)              scaled to size 10.40245pt on input line 161.
LaTeX Font Info:    Font shape `OT1/txr/b/n' in size <10> not available
(Font)              Font shape `OT1/txr/bx/n' tried instead on input line 161.
LaTeX Font Info:    Font shape `OT1/txr/b/n' in size <17.28> not available
(Font)              Font shape `OT1/txr/bx/n' tried instead on input line 161.
LaTeX Font Info:    Font shape `OT1/txss/m/n' will be
(Font)              scaled to size 5.69998pt on input line 161.
LaTeX Font Info:    Font shape `OT1/txss/m/n' will be
(Font)              scaled to size 10.40245pt on input line 161.
LaTeX Font Info:    Trying to load font information for OT1+txtt on input line 161.
 (/usr/share/texlive/texmf-dist/tex/latex/txfonts/ot1txtt.fd
File: ot1txtt.fd 2000/12/15 v3.1
)
LaTeX Font Info:    Font shape `OT1/txtt/m/it' in size <10.95> not available
(Font)              Font shape `OT1/txtt/m/sl' tried instead on input line 161.
 [1

{/var/lib/texmf/fonts/map/pdftex/updmap/pdftex.map}{/usr/share/texlive/texmf-dist/fonts/enc/dvips/base/8r.enc} <./AT_bes3logo-eps-converted-to.pdf>]
\timehh=\count357
\timemm=\count358
Package caption Info: Begin \AtBeginDocument code.
Package caption Info: subfig package v1.3 is loaded.
Package caption Info: End \AtBeginDocument code.
 (./changes.tex
LaTeX Font Info:    Trying to load font information for TS1+txr on input line 8.
 (/usr/share/texlive/texmf-dist/tex/latex/txfonts/ts1txr.fd
File: ts1txr.fd 2000/12/15 v3.1
))
pdfTeX warning (ext4): destination with the same identifier (name{page.1}) has been already used, duplicate ignored
<to be read again> 
                   \relax 
l.168 \clearpage
                 [1] (./memo_hvp3pi.toc)
\tf@toc=\write4
\openout4 = `memo_hvp3pi.toc'.

 [2

] (./1_introduction.tex) (./2_detector.tex [3

]) (./3_sample.tex [4

] [5

]) (./4_selections.tex [6]
Package epstopdf Info: Source file: <fig/hist_omega_region_with_truth.eps>
(epstopdf)                    date: 2026-02-09 09:39:40
(epstopdf)                    size: 11275 bytes
(epstopdf)             Output file: <fig/hist_omega_region_with_truth-eps-converted-to.pdf>
(epstopdf)                    date: 2026-02-09 09:40:03
(epstopdf)                    size: 7633 bytes
(epstopdf)             Command: <repstopdf --outfile=fig/hist_omega_region_with_truth-eps-converted-to.pdf fig/hist_omega_region_with_truth.eps>
(epstopdf)             \includegraphics on input line 47.
Package epstopdf Info: Output file is already uptodate.
<fig/hist_omega_region_with_truth-eps-converted-to.pdf, id=140, 569.12625pt x 369.38pt>
File: fig/hist_omega_region_with_truth-eps-converted-to.pdf Graphic file (type pdf)
<use fig/hist_omega_region_with_truth-eps-converted-to.pdf>
Package pdftex.def Info: fig/hist_omega_region_with_truth-eps-converted-to.pdf  used on input line 47.
(pdftex.def)             Requested size: 145.68144pt x 94.55418pt.
Package epstopdf Info: Source file: <fig/hist_phi_region_with_truth.eps>
(epstopdf)                    date: 2026-02-09 09:39:40
(epstopdf)                    size: 11183 bytes
(epstopdf)             Output file: <fig/hist_phi_region_with_truth-eps-converted-to.pdf>
(epstopdf)                    date: 2026-02-09 09:40:03
(epstopdf)                    size: 7349 bytes
(epstopdf)             Command: <repstopdf --outfile=fig/hist_phi_region_with_truth-eps-converted-to.pdf fig/hist_phi_region_with_truth.eps>
(epstopdf)             \includegraphics on input line 52.
Package epstopdf Info: Output file is already uptodate.
<fig/hist_phi_region_with_truth-eps-converted-to.pdf, id=141, 569.12625pt x 369.38pt>
File: fig/hist_phi_region_with_truth-eps-converted-to.pdf Graphic file (type pdf)
<use fig/hist_phi_region_with_truth-eps-converted-to.pdf>
Package pdftex.def Info: fig/hist_phi_region_with_truth-eps-converted-to.pdf  used on input line 52.
(pdftex.def)             Requested size: 145.68144pt x 94.55418pt.
Package epstopdf Info: Source file: <fig/hist_omegap_region_with_truth.eps>
(epstopdf)                    date: 2026-02-09 09:39:40
(epstopdf)                    size: 12092 bytes
(epstopdf)             Output file: <fig/hist_omegap_region_with_truth-eps-converted-to.pdf>
(epstopdf)                    date: 2026-02-09 09:40:04
(epstopdf)                    size: 8252 bytes
(epstopdf)             Command: <repstopdf --outfile=fig/hist_omegap_region_with_truth-eps-converted-to.pdf fig/hist_omegap_region_with_truth.eps>
(epstopdf)             \includegraphics on input line 57.
Package epstopdf Info: Output file is already uptodate.
<fig/hist_omegap_region_with_truth-eps-converted-to.pdf, id=142, 569.12625pt x 369.38pt>
File: fig/hist_omegap_region_with_truth-eps-converted-to.pdf Graphic file (type pdf)
<use fig/hist_omegap_region_with_truth-eps-converted-to.pdf>
Package pdftex.def Info: fig/hist_omegap_region_with_truth-eps-converted-to.pdf  used on input line 57.
(pdftex.def)             Requested size: 145.68144pt x 94.55418pt.
) (./5_background_study.tex [7

] [8 <./fig/hist_omega_region_with_truth-eps-converted-to.pdf> <./fig/hist_phi_region_with_truth-eps-converted-to.pdf> <./fig/hist_omegap_region_with_truth-eps-converted-to.pdf>]
Package epstopdf Info: Source file: <fig/luminosity_spectrum.eps>
(epstopdf)                    date: 2026-02-09 09:39:40
(epstopdf)                    size: 94493 bytes
(epstopdf)             Output file: <fig/luminosity_spectrum-eps-converted-to.pdf>
(epstopdf)                    date: 2026-02-09 09:40:04
(epstopdf)                    size: 27602 bytes
(epstopdf)             Command: <repstopdf --outfile=fig/luminosity_spectrum-eps-converted-to.pdf fig/luminosity_spectrum.eps>
(epstopdf)             \includegraphics on input line 42.
Package epstopdf Info: Output file is already uptodate.
<fig/luminosity_spectrum-eps-converted-to.pdf, id=175, 714.67pt x 424.58624pt>
File: fig/luminosity_spectrum-eps-converted-to.pdf Graphic file (type pdf)
<use fig/luminosity_spectrum-eps-converted-to.pdf>
Package pdftex.def Info: fig/luminosity_spectrum-eps-converted-to.pdf  used on input line 42.
(pdftex.def)             Requested size: 204.85846pt x 121.70802pt.
 [9

]
Package epstopdf Info: Source file: <fig/kmfitchisq.eps>
(epstopdf)                    date: 2026-02-09 09:39:40
(epstopdf)                    size: 40396 bytes
(epstopdf)             Output file: <fig/kmfitchisq-eps-converted-to.pdf>
(epstopdf)                    date: 2026-02-09 09:40:04
(epstopdf)                    size: 20276 bytes
(epstopdf)             Command: <repstopdf --outfile=fig/kmfitchisq-eps-converted-to.pdf fig/kmfitchisq.eps>
(epstopdf)             \includegraphics on input line 108.
Package epstopdf Info: Output file is already uptodate.
<fig/kmfitchisq-eps-converted-to.pdf, id=196, 569.12625pt x 426.59375pt>
File: fig/kmfitchisq-eps-converted-to.pdf Graphic file (type pdf)
<use fig/kmfitchisq-eps-converted-to.pdf>
Package pdftex.def Info: fig/kmfitchisq-eps-converted-to.pdf  used on input line 108.
(pdftex.def)             Requested size: 218.51521pt x 163.79321pt.
Package epstopdf Info: Source file: <fig/OptimizeChisq4C_scan.eps>
(epstopdf)                    date: 2026-02-09 09:39:40
(epstopdf)                    size: 11525 bytes
(epstopdf)             Output file: <fig/OptimizeChisq4C_scan-eps-converted-to.pdf>
(epstopdf)                    date: 2026-02-09 09:40:05
(epstopdf)                    size: 10006 bytes
(epstopdf)             Command: <repstopdf --outfile=fig/OptimizeChisq4C_scan-eps-converted-to.pdf fig/OptimizeChisq4C_scan.eps>
(epstopdf)             \includegraphics on input line 113.
Package epstopdf Info: Output file is already uptodate.
<fig/OptimizeChisq4C_scan-eps-converted-to.pdf, id=197, 569.12625pt x 426.59375pt>
File: fig/OptimizeChisq4C_scan-eps-converted-to.pdf Graphic file (type pdf)
<use fig/OptimizeChisq4C_scan-eps-converted-to.pdf>
Package pdftex.def Info: fig/OptimizeChisq4C_scan-eps-converted-to.pdf  used on input line 113.
(pdftex.def)             Requested size: 218.51521pt x 163.79321pt.
 [10 <./fig/luminosity_spectrum-eps-converted-to.pdf>]
Package epstopdf Info: Source file: <fig/nloosepi0_origin.eps>
(epstopdf)                    date: 2026-02-09 09:39:40
(epstopdf)                    size: 20283 bytes
(epstopdf)             Output file: <fig/nloosepi0_origin-eps-converted-to.pdf>
(epstopdf)                    date: 2026-02-09 09:40:05
(epstopdf)                    size: 11728 bytes
(epstopdf)             Command: <repstopdf --outfile=fig/nloosepi0_origin-eps-converted-to.pdf fig/nloosepi0_origin.eps>
(epstopdf)             \includegraphics on input line 136.
Package epstopdf Info: Output file is already uptodate.
<fig/nloosepi0_origin-eps-converted-to.pdf, id=255, 569.12625pt x 426.59375pt>
File: fig/nloosepi0_origin-eps-converted-to.pdf Graphic file (type pdf)
<use fig/nloosepi0_origin-eps-converted-to.pdf>
Package pdftex.def Info: fig/nloosepi0_origin-eps-converted-to.pdf  used on input line 136.
(pdftex.def)             Requested size: 204.85846pt x 153.5541pt.
Package epstopdf Info: Source file: <fig/mass_spectrum_omega.eps>
(epstopdf)                    date: 2026-02-09 09:57:50
(epstopdf)                    size: 27929 bytes
(epstopdf)             Output file: <fig/mass_spectrum_omega-eps-converted-to.pdf>
(epstopdf)                    date: 2026-02-09 09:58:17
(epstopdf)                    size: 14778 bytes
(epstopdf)             Command: <repstopdf --outfile=fig/mass_spectrum_omega-eps-converted-to.pdf fig/mass_spectrum_omega.eps>
(epstopdf)             \includegraphics on input line 156.
Package epstopdf Info: Output file is already uptodate.
<fig/mass_spectrum_omega-eps-converted-to.pdf, id=257, 569.12625pt x 426.59375pt>
File: fig/mass_spectrum_omega-eps-converted-to.pdf Graphic file (type pdf)
<use fig/mass_spectrum_omega-eps-converted-to.pdf>
Package pdftex.def Info: fig/mass_spectrum_omega-eps-converted-to.pdf  used on input line 156.
(pdftex.def)             Requested size: 145.68144pt x 109.19981pt.
Package epstopdf Info: Source file: <fig/mass_spectrum_phi.eps>
(epstopdf)                    date: 2026-02-09 09:57:59
(epstopdf)                    size: 26779 bytes
(epstopdf)             Output file: <fig/mass_spectrum_phi-eps-converted-to.pdf>
(epstopdf)                    date: 2026-02-09 09:58:18
(epstopdf)                    size: 14394 bytes
(epstopdf)             Command: <repstopdf --outfile=fig/mass_spectrum_phi-eps-converted-to.pdf fig/mass_spectrum_phi.eps>
(epstopdf)             \includegraphics on input line 161.
Package epstopdf Info: Output file is already uptodate.
<fig/mass_spectrum_phi-eps-converted-to.pdf, id=258, 569.12625pt x 426.59375pt>
File: fig/mass_spectrum_phi-eps-converted-to.pdf Graphic file (type pdf)
<use fig/mass_spectrum_phi-eps-converted-to.pdf>
Package pdftex.def Info: fig/mass_spectrum_phi-eps-converted-to.pdf  used on input line 161.
(pdftex.def)             Requested size: 145.68144pt x 109.19981pt.
Package epstopdf Info: Source file: <fig/mass_spectrum_omegaprime.eps>
(epstopdf)                    date: 2026-02-09 09:58:12
(epstopdf)                    size: 47963 bytes
(epstopdf)             Output file: <fig/mass_spectrum_omegaprime-eps-converted-to.pdf>
(epstopdf)                    date: 2026-02-09 09:58:18
(epstopdf)                    size: 22186 bytes
(epstopdf)             Command: <repstopdf --outfile=fig/mass_spectrum_omegaprime-eps-converted-to.pdf fig/mass_spectrum_omegaprime.eps>
(epstopdf)             \includegraphics on input line 166.
Package epstopdf Info: Output file is already uptodate.
<fig/mass_spectrum_omegaprime-eps-converted-to.pdf, id=259, 569.12625pt x 426.59375pt>
File: fig/mass_spectrum_omegaprime-eps-converted-to.pdf Graphic file (type pdf)
<use fig/mass_spectrum_omegaprime-eps-converted-to.pdf>
Package pdftex.def Info: fig/mass_spectrum_omegaprime-eps-converted-to.pdf  used on input line 166.
(pdftex.def)             Requested size: 145.68144pt x 109.19981pt.
 [11 <./fig/kmfitchisq-eps-converted-to.pdf> <./fig/OptimizeChisq4C_scan-eps-converted-to.pdf> <./fig/nloosepi0_origin-eps-converted-to.pdf>] [12 <./fig/mass_spectrum_omega-eps-converted-to.pdf> <./fig/mass_spectrum_phi-eps-converted-to.pdf> <./fig/mass_spectrum_omegaprime-eps-converted-to.pdf>]

Package hyperref Warning: Token not allowed in a PDF string (Unicode):
(hyperref)                removing `math shift' on input line 181.


Package hyperref Warning: Token not allowed in a PDF string (Unicode):
(hyperref)                removing `superscript' on input line 181.


Package hyperref Warning: Token not allowed in a PDF string (Unicode):
(hyperref)                removing `superscript' on input line 181.


Package hyperref Warning: Token not allowed in a PDF string (Unicode):
(hyperref)                removing `\to' on input line 181.


Package hyperref Warning: Token not allowed in a PDF string (Unicode):
(hyperref)                removing `\pi' on input line 181.


Package hyperref Warning: Token not allowed in a PDF string (Unicode):
(hyperref)                removing `superscript' on input line 181.


Package hyperref Warning: Token not allowed in a PDF string (Unicode):
(hyperref)                removing `\pi' on input line 181.


Package hyperref Warning: Token not allowed in a PDF string (Unicode):
(hyperref)                removing `superscript' on input line 181.


Package hyperref Warning: Token not allowed in a PDF string (Unicode):
(hyperref)                removing `\pi' on input line 181.


Package hyperref Warning: Token not allowed in a PDF string (Unicode):
(hyperref)                removing `superscript' on input line 181.


Package hyperref Warning: Token not allowed in a PDF string (Unicode):
(hyperref)                removing `\pi' on input line 181.


Package hyperref Warning: Token not allowed in a PDF string (Unicode):
(hyperref)                removing `superscript' on input line 181.


Package hyperref Warning: Token not allowed in a PDF string (Unicode):
(hyperref)                removing `math shift' on input line 181.

[13

]
Package epstopdf Info: Source file: <fig/4pi_3pi_mass.eps>
(epstopdf)                    date: 2026-02-09 09:49:00
(epstopdf)                    size: 23394 bytes
(epstopdf)             Output file: <fig/4pi_3pi_mass-eps-converted-to.pdf>
(epstopdf)                    date: 2026-02-09 09:49:09
(epstopdf)                    size: 16967 bytes
(epstopdf)             Command: <repstopdf --outfile=fig/4pi_3pi_mass-eps-converted-to.pdf fig/4pi_3pi_mass.eps>
(epstopdf)             \includegraphics on input line 263.
Package epstopdf Info: Output file is already uptodate.
<fig/4pi_3pi_mass-eps-converted-to.pdf, id=354, 569.12625pt x 426.59375pt>
File: fig/4pi_3pi_mass-eps-converted-to.pdf Graphic file (type pdf)
<use fig/4pi_3pi_mass-eps-converted-to.pdf>
Package pdftex.def Info: fig/4pi_3pi_mass-eps-converted-to.pdf  used on input line 263.
(pdftex.def)             Requested size: 204.85846pt x 153.5541pt.
Package epstopdf Info: Source file: <fig/nonisr4pi_region1_plot.eps>
(epstopdf)                    date: 2026-02-09 10:30:46
(epstopdf)                    size: 24757 bytes
(epstopdf)             Output file: <fig/nonisr4pi_region1_plot-eps-converted-to.pdf>
(epstopdf)                    date: 2026-02-09 10:34:43
(epstopdf)                    size: 18868 bytes
(epstopdf)             Command: <repstopdf --outfile=fig/nonisr4pi_region1_plot-eps-converted-to.pdf fig/nonisr4pi_region1_plot.eps>
(epstopdf)             \includegraphics on input line 286.
Package epstopdf Info: Output file is already uptodate.
<fig/nonisr4pi_region1_plot-eps-converted-to.pdf, id=357, 571.13374pt x 426.59375pt>
File: fig/nonisr4pi_region1_plot-eps-converted-to.pdf Graphic file (type pdf)
<use fig/nonisr4pi_region1_plot-eps-converted-to.pdf>
Package pdftex.def Info: fig/nonisr4pi_region1_plot-eps-converted-to.pdf  used on input line 286.
(pdftex.def)             Requested size: 145.68144pt x 108.80925pt.
Package epstopdf Info: Source file: <fig/nonisr4pi_region2_plot.eps>
(epstopdf)                    date: 2026-02-09 10:30:47
(epstopdf)                    size: 23337 bytes
(epstopdf)             Output file: <fig/nonisr4pi_region2_plot-eps-converted-to.pdf>
(epstopdf)                    date: 2026-02-09 10:34:43
(epstopdf)                    size: 17098 bytes
(epstopdf)             Command: <repstopdf --outfile=fig/nonisr4pi_region2_plot-eps-converted-to.pdf fig/nonisr4pi_region2_plot.eps>
(epstopdf)             \includegraphics on input line 290.
Package epstopdf Info: Output file is already uptodate.
<fig/nonisr4pi_region2_plot-eps-converted-to.pdf, id=358, 571.13374pt x 426.59375pt>
File: fig/nonisr4pi_region2_plot-eps-converted-to.pdf Graphic file (type pdf)
<use fig/nonisr4pi_region2_plot-eps-converted-to.pdf>
Package pdftex.def Info: fig/nonisr4pi_region2_plot-eps-converted-to.pdf  used on input line 290.
(pdftex.def)             Requested size: 145.68144pt x 108.80925pt.
Package epstopdf Info: Source file: <fig/nonisr4pi_region3_plot.eps>
(epstopdf)                    date: 2026-02-09 10:30:49
(epstopdf)                    size: 28858 bytes
(epstopdf)             Output file: <fig/nonisr4pi_region3_plot-eps-converted-to.pdf>
(epstopdf)                    date: 2026-02-09 10:34:43
(epstopdf)                    size: 24878 bytes
(epstopdf)             Command: <repstopdf --outfile=fig/nonisr4pi_region3_plot-eps-converted-to.pdf fig/nonisr4pi_region3_plot.eps>
(epstopdf)             \includegraphics on input line 294.
Package epstopdf Info: Output file is already uptodate.
<fig/nonisr4pi_region3_plot-eps-converted-to.pdf, id=359, 571.13374pt x 426.59375pt>
File: fig/nonisr4pi_region3_plot-eps-converted-to.pdf Graphic file (type pdf)
<use fig/nonisr4pi_region3_plot-eps-converted-to.pdf>
Package pdftex.def Info: fig/nonisr4pi_region3_plot-eps-converted-to.pdf  used on input line 294.
(pdftex.def)             Requested size: 145.68144pt x 108.80925pt.
 [14 <./fig/4pi_3pi_mass-eps-converted-to.pdf> <./fig/nonisr4pi_region1_plot-eps-converted-to.pdf> <./fig/nonisr4pi_region2_plot-eps-converted-to.pdf> <./fig/nonisr4pi_region3_plot-eps-converted-to.pdf>]
Package epstopdf Info: Source file: <fig/umiss_inclusiveMC_low.eps>
(epstopdf)                    date: 2026-02-12 17:25:44
(epstopdf)                    size: 37397 bytes
(epstopdf)             Output file: <fig/umiss_inclusiveMC_low-eps-converted-to.pdf>
(epstopdf)                    date: 2026-02-12 17:26:39
(epstopdf)                    size: 18784 bytes
(epstopdf)             Command: <repstopdf --outfile=fig/umiss_inclusiveMC_low-eps-converted-to.pdf fig/umiss_inclusiveMC_low.eps>
(epstopdf)             \includegraphics on input line 405.
Package epstopdf Info: Output file is already uptodate.
<fig/umiss_inclusiveMC_low-eps-converted-to.pdf, id=461, 569.12625pt x 426.59375pt>
File: fig/umiss_inclusiveMC_low-eps-converted-to.pdf Graphic file (type pdf)
<use fig/umiss_inclusiveMC_low-eps-converted-to.pdf>
Package pdftex.def Info: fig/umiss_inclusiveMC_low-eps-converted-to.pdf  used on input line 405.
(pdftex.def)             Requested size: 145.68144pt x 109.19981pt.
Package epstopdf Info: Source file: <fig/umiss_inclusiveMC_medium.eps>
(epstopdf)                    date: 2026-02-12 17:26:07
(epstopdf)                    size: 39665 bytes
(epstopdf)             Output file: <fig/umiss_inclusiveMC_medium-eps-converted-to.pdf>
(epstopdf)                    date: 2026-02-12 17:26:39
(epstopdf)                    size: 19450 bytes
(epstopdf)             Command: <repstopdf --outfile=fig/umiss_inclusiveMC_medium-eps-converted-to.pdf fig/umiss_inclusiveMC_medium.eps>
(epstopdf)             \includegraphics on input line 410.
Package epstopdf Info: Output file is already uptodate.
<fig/umiss_inclusiveMC_medium-eps-converted-to.pdf, id=462, 569.12625pt x 426.59375pt>
File: fig/umiss_inclusiveMC_medium-eps-converted-to.pdf Graphic file (type pdf)
<use fig/umiss_inclusiveMC_medium-eps-converted-to.pdf>
Package pdftex.def Info: fig/umiss_inclusiveMC_medium-eps-converted-to.pdf  used on input line 410.
(pdftex.def)             Requested size: 145.68144pt x 109.19981pt.
Package epstopdf Info: Source file: <fig/umiss_inclusiveMC_high.eps>
(epstopdf)                    date: 2026-02-12 17:26:34
(epstopdf)                    size: 41331 bytes
(epstopdf)             Output file: <fig/umiss_inclusiveMC_high-eps-converted-to.pdf>
(epstopdf)                    date: 2026-02-12 17:26:39
(epstopdf)                    size: 19533 bytes
(epstopdf)             Command: <repstopdf --outfile=fig/umiss_inclusiveMC_high-eps-converted-to.pdf fig/umiss_inclusiveMC_high.eps>
(epstopdf)             \includegraphics on input line 415.
Package epstopdf Info: Output file is already uptodate.
<fig/umiss_inclusiveMC_high-eps-converted-to.pdf, id=463, 569.12625pt x 426.59375pt>
File: fig/umiss_inclusiveMC_high-eps-converted-to.pdf Graphic file (type pdf)
<use fig/umiss_inclusiveMC_high-eps-converted-to.pdf>
Package pdftex.def Info: fig/umiss_inclusiveMC_high-eps-converted-to.pdf  used on input line 415.
(pdftex.def)             Requested size: 145.68144pt x 109.19981pt.
 [15

 <./fig/umiss_inclusiveMC_low-eps-converted-to.pdf> <./fig/umiss_inclusiveMC_medium-eps-converted-to.pdf> <./fig/umiss_inclusiveMC_high-eps-converted-to.pdf>]
Package epstopdf Info: Source file: <fig/fit_example_omega.eps>
(epstopdf)                    date: 2026-02-23 16:45:50
(epstopdf)                    size: 23007 bytes
(epstopdf)             Output file: <fig/fit_example_omega-eps-converted-to.pdf>
(epstopdf)                    date: 2026-02-23 16:47:09
(epstopdf)                    size: 18115 bytes
(epstopdf)             Command: <repstopdf --outfile=fig/fit_example_omega-eps-converted-to.pdf fig/fit_example_omega.eps>
(epstopdf)             \includegraphics on input line 453.
Package epstopdf Info: Output file is already uptodate.
<fig/fit_example_omega-eps-converted-to.pdf, id=511, 569.12625pt x 408.52625pt>
File: fig/fit_example_omega-eps-converted-to.pdf Graphic file (type pdf)
<use fig/fit_example_omega-eps-converted-to.pdf>
Package pdftex.def Info: fig/fit_example_omega-eps-converted-to.pdf  used on input line 453.
(pdftex.def)             Requested size: 145.68144pt x 104.57487pt.
Package epstopdf Info: Source file: <fig/fit_example_phi.eps>
(epstopdf)                    date: 2026-02-23 16:51:49
(epstopdf)                    size: 23343 bytes
(epstopdf)             Output file: <fig/fit_example_phi-eps-converted-to.pdf>
(epstopdf)                    date: 2026-02-24 16:34:59
(epstopdf)                    size: 17624 bytes
(epstopdf)             Command: <repstopdf --outfile=fig/fit_example_phi-eps-converted-to.pdf fig/fit_example_phi.eps>
(epstopdf)             \includegraphics on input line 458.
Package epstopdf Info: Output file is already uptodate.
<fig/fit_example_phi-eps-converted-to.pdf, id=512, 569.12625pt x 408.52625pt>
File: fig/fit_example_phi-eps-converted-to.pdf Graphic file (type pdf)
<use fig/fit_example_phi-eps-converted-to.pdf>
Package pdftex.def Info: fig/fit_example_phi-eps-converted-to.pdf  used on input line 458.
(pdftex.def)             Requested size: 145.68144pt x 104.57487pt.
Package epstopdf Info: Source file: <fig/fit_example_high.eps>
(epstopdf)                    date: 2026-02-23 16:47:03
(epstopdf)                    size: 22762 bytes
(epstopdf)             Output file: <fig/fit_example_high-eps-converted-to.pdf>
(epstopdf)                    date: 2026-02-23 16:47:10
(epstopdf)                    size: 18334 bytes
(epstopdf)             Command: <repstopdf --outfile=fig/fit_example_high-eps-converted-to.pdf fig/fit_example_high.eps>
(epstopdf)             \includegraphics on input line 463.
Package epstopdf Info: Output file is already uptodate.
<fig/fit_example_high-eps-converted-to.pdf, id=513, 569.12625pt x 408.52625pt>
File: fig/fit_example_high-eps-converted-to.pdf Graphic file (type pdf)
<use fig/fit_example_high-eps-converted-to.pdf>
Package pdftex.def Info: fig/fit_example_high-eps-converted-to.pdf  used on input line 463.
(pdftex.def)             Requested size: 145.68144pt x 104.57487pt.
 [16 <./fig/fit_example_omega-eps-converted-to.pdf> <./fig/fit_example_phi-eps-converted-to.pdf> <./fig/fit_example_high-eps-converted-to.pdf>]
Package epstopdf Info: Source file: <fig/yields_omega.eps>
(epstopdf)                    date: 2026-02-23 16:52:47
(epstopdf)                    size: 44853 bytes
(epstopdf)             Output file: <fig/yields_omega-eps-converted-to.pdf>
(epstopdf)                    date: 2026-02-24 16:35:00
(epstopdf)                    size: 21324 bytes
(epstopdf)             Command: <repstopdf --outfile=fig/yields_omega-eps-converted-to.pdf fig/yields_omega.eps>
(epstopdf)             \includegraphics on input line 475.
Package epstopdf Info: Output file is already uptodate.
<fig/yields_omega-eps-converted-to.pdf, id=561, 707.64375pt x 415.5525pt>
File: fig/yields_omega-eps-converted-to.pdf Graphic file (type pdf)
<use fig/yields_omega-eps-converted-to.pdf>
Package pdftex.def Info: fig/yields_omega-eps-converted-to.pdf  used on input line 475.
(pdftex.def)             Requested size: 145.68144pt x 85.5439pt.
Package epstopdf Info: Source file: <fig/yields_phi.eps>
(epstopdf)                    date: 2026-02-23 16:52:46
(epstopdf)                    size: 42517 bytes
(epstopdf)             Output file: <fig/yields_phi-eps-converted-to.pdf>
(epstopdf)                    date: 2026-02-24 16:35:00
(epstopdf)                    size: 19584 bytes
(epstopdf)             Command: <repstopdf --outfile=fig/yields_phi-eps-converted-to.pdf fig/yields_phi.eps>
(epstopdf)             \includegraphics on input line 480.
Package epstopdf Info: Output file is already uptodate.
<fig/yields_phi-eps-converted-to.pdf, id=562, 708.6475pt x 415.5525pt>
File: fig/yields_phi-eps-converted-to.pdf Graphic file (type pdf)
<use fig/yields_phi-eps-converted-to.pdf>
Package pdftex.def Info: fig/yields_phi-eps-converted-to.pdf  used on input line 480.
(pdftex.def)             Requested size: 145.68144pt x 85.42342pt.
Package epstopdf Info: Source file: <fig/yields_high.eps>
(epstopdf)                    date: 2026-02-23 16:52:49
(epstopdf)                    size: 49439 bytes
(epstopdf)             Output file: <fig/yields_high-eps-converted-to.pdf>
(epstopdf)                    date: 2026-02-24 16:35:00
(epstopdf)                    size: 27989 bytes
(epstopdf)             Command: <repstopdf --outfile=fig/yields_high-eps-converted-to.pdf fig/yields_high.eps>
(epstopdf)             \includegraphics on input line 485.
Package epstopdf Info: Output file is already uptodate.
<fig/yields_high-eps-converted-to.pdf, id=563, 708.6475pt x 415.5525pt>
File: fig/yields_high-eps-converted-to.pdf Graphic file (type pdf)
<use fig/yields_high-eps-converted-to.pdf>
Package pdftex.def Info: fig/yields_high-eps-converted-to.pdf  used on input line 485.
(pdftex.def)             Requested size: 145.68144pt x 85.42342pt.
) (./6_unfolding.tex [17 <./fig/yields_omega-eps-converted-to.pdf> <./fig/yields_phi-eps-converted-to.pdf> <./fig/yields_high-eps-converted-to.pdf>]
<fig/migration_omega.png, id=602, 698.61pt x 473.77pt>
File: fig/migration_omega.png Graphic file (type png)
<use fig/migration_omega.png>
Package pdftex.def Info: fig/migration_omega.png  used on input line 23.
(pdftex.def)             Requested size: 145.68144pt x 98.79341pt.
<fig/migration_phi.png, id=603, 698.61pt x 473.77pt>
File: fig/migration_phi.png Graphic file (type png)
<use fig/migration_phi.png>
Package pdftex.def Info: fig/migration_phi.png  used on input line 28.
(pdftex.def)             Requested size: 145.68144pt x 98.79341pt.
<fig/migration_high.png, id=604, 698.61pt x 473.77pt>
File: fig/migration_high.png Graphic file (type png)
<use fig/migration_high.png>
Package pdftex.def Info: fig/migration_high.png  used on input line 33.
(pdftex.def)             Requested size: 145.68144pt x 98.79341pt.
) (./7_efficiency_corr.tex [18

 <./fig/migration_omega.png> <./fig/migration_phi.png> <./fig/migration_high.png>]) (./8_systematic.tex [19

]) (./9_summary.tex [20

]) [21

] (./bibitem.tex
Underfull \hbox (badness 10000) in paragraph at lines 52--56
[]\OT1/txr/m/n/10.95 G. Rodrigo, A. Gehrmann-De Ridder, M. Guilleaume, and J. H. K[]uhn, [][]DOI:
 []

) [22

] [23] 
enddocument/afterlastpage: lastpage setting LastPage.
(./memo_hvp3pi.aux)
 ***********
LaTeX2e <2023-11-01> patch level 1
L3 programming layer <2024-01-22>
 ***********
Package rerunfilecheck Info: File `memo_hvp3pi.out' has not changed.
(rerunfilecheck)             Checksum: 2B4CD75A36524C12235DBC5445EC2E98;1805.
 ) 
Here is how much of TeX's memory you used:
 16116 strings out of 474222
 252874 string characters out of 5748732
 1947975 words of memory out of 5000000
 37882 multiletter control sequences out of 15000+600000
 646326 words of font info for 242 fonts, out of 8000000 for 9000
 1141 hyphenation exceptions out of 8191
 84i,14n,93p,1785b,712s stack positions out of 10000i,1000n,20000p,200000b,200000s

pdfTeX warning (dest): name{Hfootnote.1} has been referenced but does not exist, replaced by a fixed one

</usr/share/texlive/texmf-dist/fonts/type1/public/amsfonts/symbols/msam10.pfb></usr/share/texlive/texmf-dist/fonts/type1/public/txfonts/rtcxr.pfb></usr/share/texlive/texmf-dist/fonts/type1/public/txfonts/rtxb.pfb></usr/share/texlive/texmf-dist/fonts/type1/public/txfonts/rtxmi.pfb></usr/share/texlive/texmf-dist/fonts/type1/public/txfonts/rtxr.pfb></usr/share/texlive/texmf-dist/fonts/type1/public/txfonts/txex.pfb></usr/share/texlive/texmf-dist/fonts/type1/public/txfonts/txsy.pfb></usr/share/texlive/texmf-dist/fonts/type1/public/txfonts/txtt.pfb></usr/share/texlive/texmf-dist/fonts/type1/urw/helvetic/uhvb8a.pfb></usr/share/texlive/texmf-dist/fonts/type1/urw/helvetic/uhvr8a.pfb></usr/share/texlive/texmf-dist/fonts/type1/urw/times/utmb8a.pfb></usr/share/texlive/texmf-dist/fonts/type1/urw/times/utmr8a.pfb></usr/share/texlive/texmf-dist/fonts/type1/urw/times/utmr8a.pfb></usr/share/texlive/texmf-dist/fonts/type1/urw/times/utmri8a.pfb>
Output written on memo_hvp3pi.pdf (24 pages, 658878 bytes).
PDF statistics:
 739 PDF objects out of 1000 (max. 8388607)
 485 compressed objects within 5 object streams
 98 named destinations out of 1000 (max. 500000)
 224 words of extra memory for PDF output out of 10000 (max. 10000000)

